// Jest Snapshot v1, https://goo.gl/fbAQLP

exports[`compiles program to JavaScript 1`] = `
"'use strict';

var a = 10 * 30 + b - 20 / foo;

var b = \\"Hello world\\";

function add(a, b) {
  var c = a + b;

  return c;
}

function foo() { return add(3, 4); }

add(3, 4);"
`;
